{
  "audit": "SVNS / World Rugby Sevens Series historical data coverage matrix via team-graph discovery",
  "hardBoundary": {
    "earliestCanonicalSeason": "2016-17",
    "earliestSourceSeason": 2017,
    "rule": "No fixture-detail request is permitted for sourceSeason < 2017. Team GraphQL discovery discards pre-boundary records and stops when it reaches the boundary."
  },
  "discoveryMethod": "BFS over Series team IDs starting from one verified 2016-17 men seed and one verified 2016-17 women seed; every discovered Series opponent team is queried once.",
  "menProcessedTeamCount": 2,
  "womenProcessedTeamCount": 2,
  "discoveredFixtureCountWithinBoundary": 0,
  "detailSuccessCount": 0,
  "detailFailureCount": 0,
  "discoveryFailureCount": 0,
  "legacyCrossChecks": {
    "men2016_17ExpectedFixtureCount": 450,
    "men2016_17DiscoveredFixtureCount": 0,
    "men2016_17DiscoveryMatchesKnownFullSeason": false
  },
  "seasonGenderRows": [],
  "allMatchStatsSummaryKeyFrequency": [],
  "fixtureItemKeyFrequency": []
}
